[backblue.gif]
[fade.gif]
[index.html]
[www.kernel-panic.org/favicon.ico]
[external.html]
[www.kernel-panic.org/info_icon.gif]
[www.kernel-panic.org/user.gif]
[www.kernel-panic.org/mail_icon.gif]
[www.kernel-panic.org/print_icon.gif]
[www.kernel-panic.org/document_icon.gif]
[www.kernel-panic.org/index.html]
[www.kernel-panic.org/search_form.html]
[www.kernel-panic.org/author/chef.html]
[www.kernel-panic.org/sitemap.html]
[www.kernel-panic.org/accessibility-info.html]
[www.kernel-panic.org/contact-info.html]
[www.kernel-panic.org/events.html]
[www.kernel-panic.org/defaultUser.gif]
[www.kernel-panic.org/wiki/FrontPage.html]
[www.kernel-panic.org/login_form.html]
[www.kernel-panic.org/join_form.html]
[www.kernel-panic.org/rss.gif]
[www.kernel-panic.org/books.html]
[www.kernel-panic.org/book.gif]
[www.kernel-panic.org/contact.html]
[www.kernel-panic.org/groups.html]
[www.kernel-panic.org/jobs-1.html]
[www.kernel-panic.org/meetings.html]
[www.kernel-panic.org/Members.html]
[www.kernel-panic.org/raffles.html]
[www.kernel-panic.org/news.html]
[www.kernel-panic.org/photos.html]
[www.kernel-panic.org/contrib.html]
[www.kernel-panic.org/installfest.html]
[www.kernel-panic.org/enabling_cookies.html]
[www.kernel-panic.org/mail_password_form.html]
[www.kernel-panic.org/index_html/sendto_form.html]
[www.kernel-panic.org/wiki/KplugMembership.html]
[www.kernel-panic.org/images/mailman/mm-icon.png]
[www.kernel-panic.org/images/mailman/mailman.jpg]
[www.kernel-panic.org/images/mailman/PythonPowered.png]
[www.kernel-panic.org/cgi-bin/mailman/listinfo.html]
[www.kernel-panic.org/images/mailman/gnu-head-tiny.jpg]
[www.kernel-panic.org/wiki/GettingHelp.html]
[www.kernel-panic.org/wiki/KernelPanic.html]
[www.kernel-panic.org/meetings/general.html]
[www.kernel-panic.org/wiki/MeetingProgramIdeas.html]
[www.kernel-panic.org/meetings/installfest/index_html.html]
[www.kernel-panic.org/index_html/contentpanels_view1d90.html]
[www.kernel-panic.org/index_html/contentpanels_view6127.html]
[www.kernel-panic.org/author/jpenix.html]
[www.kernel-panic.org/author/ambrus.html]
[www.kernel-panic.org/author/gkade.html]
[www.kernel-panic.org/author/pacneil.html]
[www.kernel-panic.org/author/index.html]
[www.kernel-panic.org/author/jgsack.html]
[www.kernel-panic.org/portal_javascripts/Plone Default/ploneScripts4128.js]
[external.gif]
[www.kernel-panic.org/portal_css/Plone Default/ploneStyles0407.css]
[www.kernel-panic.org/portal_css/Plone Default/ploneStyles1262.css]
[www.kernel-panic.org/portal_css/Plone Default/ploneStyles2852.css]
[www.kernel-panic.org/portal_css/Plone Default/ploneStyles0092.css]
[www.kernel-panic.org/portal_css/Plone Default/ploneStyles2822.css]
[www.kernel-panic.org/wiki/KplugMembership.html]
[www.kernel-panic.org/meetings/installfest/index_html.html]
[www.kernel-panic.org/author/ambrus.html]
[www.kernel-panic.org/author/gkade.html]
[www.kernel-panic.org/author/jgsack.html]
